Microchip MPLAB XC8 Compiler V2.10 ()

Linker command line:

-W-3 --edf=C:\Program Files (x86)\Microchip\xc8\v2.10\pic\dat\en_msgs.txt \
  -cs -h+dist/default/production\lcd_controller.X.production.sym \
  --cmf=dist/default/production\lcd_controller.X.production.cmf -z -Q16F887 \
  -oC:\Users\cgbri\AppData\Local\Temp\sbhg.2 --defsym=__MPLAB_BUILD=1 \
  -Mdist/default/production/lcd_controller.X.production.map -E1 -ver=XC8 \
  --acfsm=1493 -ASTACK=0110h-016Fh -pstack=STACK -ACODE=00h-07FFhx4 \
  -ASTRCODE=00h-01FFFh -ASTRING=00h-0FFhx32 -ACONST=00h-0FFhx32 \
  -AENTRY=00h-0FFhx32 -ACOMMON=070h-07Fh -ABANK0=020h-06Fh \
  -ABANK1=0A0h-0EFh -ABANK2=0110h-016Fh -ABANK3=0190h-01EFh \
  -ARAM=020h-06Fh,0A0h-0EFh,0110h-016Fh,0190h-01EFh \
  -AABS1=020h-07Fh,0A0h-0EFh,0110h-016Fh,0190h-01EFh -ASFR0=00h-01Fh \
  -ASFR1=080h-09Fh -ASFR2=0100h-010Fh -ASFR3=0180h-018Fh \
  -preset_vec=00h,intentry,init,end_init -ppowerup=CODE -pcinit=CODE \
  -pfunctab=ENTRY -ACONFIG=02007h-02008h -pconfig=CONFIG -DCONFIG=2 \
  -AIDLOC=02000h-02003h -pidloc=IDLOC -DIDLOC=2 -AEEDATA=00h-0FFh/02100h \
  -peeprom_data=EEDATA -DEEDATA=2 -DCODE=2 -DSTRCODE=2 -DSTRING=2 -DCONST=2 \
  -DENTRY=2 -k C:\Users\cgbri\AppData\Local\Temp\sbhg.o \
  dist/default/production\lcd_controller.X.production.o 

Object code version is 3.11

Machine type is 16F887



                Name                               Link     Load   Length Selector   Space Scale
C:\Users\cgbri\AppData\Local\Temp\sbhg.o
                end_init                              0        0        3        0       0
                config                             2007     2007        2     400E       0
dist/default/production\lcd_controller.X.production.o
                cinit                               7D9      7D9       27      FB2       0
                text5                               70F      70F       CA      E1E       0
                text4                               4FE      4FE       5B      9FC       0
                text3                               658      658       B7      CB0       0
                text2                               5BC      5BC       9C      B78       0
                text1                               4D9      4D9       25      9B2       0
                maintext                            559      559       63      AB2       0
                cstackBANK0                          20       20        A       20       1
                cstackCOMMON                         70       70        E       70       1
                dataBANK0                            2F       2F        5       20       1
                bssBANK0                             2A       2A        5       20       1
                strings                               3        3        C        6       0
                idataBANK0                          4D4      4D4        5      9A8       0

TOTAL           Name                               Link     Load   Length     Space
        CLASS   STACK          

        CLASS   CODE           
                end_init                              0        0        3         0
                cinit                               7D9      7D9       27         0
                text5                               70F      70F       CA         0
                text4                               4FE      4FE       5B         0
                text3                               658      658       B7         0
                text2                               5BC      5BC       9C         0
                text1                               4D9      4D9       25         0
                maintext                            559      559       63         0
                idataBANK0                          4D4      4D4        5         0

        CLASS   STRCODE        

        CLASS   STRING         
                strings                               3        3        C         0

        CLASS   CONST          

        CLASS   ENTRY          

        CLASS   COMMON         
                cstackCOMMON                         70       70        E         1

        CLASS   BANK0          
                cstackBANK0                          20       20        A         1
                dataBANK0                            2F       2F        5         1
                bssBANK0                             2A       2A        5         1

        CLASS   BANK1          

        CLASS   BANK2          

        CLASS   BANK3          

        CLASS   RAM            

        CLASS   ABS1           
                abs_s1                               7E       7E        2         1

        CLASS   SFR0           

        CLASS   SFR1           

        CLASS   SFR2           

        CLASS   SFR3           

        CLASS   CONFIG         
                config                             2007     2007        2         0

        CLASS   IDLOC          

        CLASS   EEDATA         



SEGMENTS        Name                           Load    Length   Top    Selector   Space  Class     Delta

                reset_vec                      000000  000003  000003         0       0  CODE        2
                strings                        000003  00000C  00000F         6       0  STRING      2
                cstackBANK0                    000020  000014  000034        20       1  BANK0       1
                cstackCOMMON                   000070  00000E  00007E        70       1  COMMON      1
                idataBANK0                     0004D4  000005  0004D9       9A8       0  CODE        2
                text1                          0004D9  000025  0004FE       9B2       0  CODE        2
                text4                          0004FE  00005B  000559       9FC       0  CODE        2
                maintext                       000559  000063  0005BC       AB2       0  CODE        2
                text2                          0005BC  00009C  000658       B78       0  CODE        2
                text3                          000658  0000B7  00070F       CB0       0  CODE        2
                text5                          00070F  0000CA  0007D9       E1E       0  CODE        2
                cinit                          0007D9  000027  000800       FB2       0  CODE        2
                config                         002007  000002  002009      400E       0  CONFIG      2


UNUSED ADDRESS RANGES

        Name                Unused          Largest block    Delta
        BANK0            0034-006F             3C           1
        BANK1            00A0-00EF             50           1
        BANK2            0110-016F             60           1
        BANK3            0190-01EF             60           1
        CODE             000F-04D3            4C5           2
                         0800-1FFF            800
        CONST            000F-04D3            100           2
                         0800-1FFF            100
        EEDATA           2100-21FF            100           2
        ENTRY            000F-04D3            100           2
                         0800-1FFF            100
        IDLOC            2000-2003              4           2
        RAM              0034-006F             3C           1
                         00A0-00EF             50
                         0110-016F             60
                         0190-01EF             60
        SFR0             0000-001F             20           1
        SFR1             0080-009F             20           1
        SFR2             0100-010F             10           1
        SFR3             0180-018F             10           1
        STACK            0110-016F             60           1
        STRCODE          000F-04D3            4C5           2
                         0800-1FFF           1800
        STRING           000F-04D3            100           2
                         0800-1FFF            100

                                  Symbol Table

LCD_Init@cmd             cstackCOMMON 007D
LCD_Init@display         cstackCOMMON 0078
LCD_Out@c                cstackCOMMON 0073
LCD_Write@c              cstackCOMMON 0077
LCD_putc@c               cstackCOMMON 0077
LCD_putrs@a              cstackCOMMON 007A
LCD_putrs@i              cstackCOMMON 0078
_LCD_Init                text3        0658
_LCD_Out                 text5        070F
_LCD_Write               text4        04FE
_LCD_putc                text2        05BC
_LCD_putrs               text1        04D9
_PORTA                   (abs)        0005
_PORTB                   (abs)        0006
_PORTC                   (abs)        0007
_TRISA                   (abs)        0085
_TRISB                   (abs)        0086
_TRISC                   (abs)        0087
__CFG_BOR4V$BOR21V       (abs)        0000
__CFG_BOREN$ON           (abs)        0000
__CFG_CP$OFF             (abs)        0000
__CFG_CPD$OFF            (abs)        0000
__CFG_FCMEN$ON           (abs)        0000
__CFG_FOSC$XT            (abs)        0000
__CFG_IESO$ON            (abs)        0000
__CFG_LVP$OFF            (abs)        0000
__CFG_MCLRE$ON           (abs)        0000
__CFG_PWRTE$OFF          (abs)        0000
__CFG_WDTE$OFF           (abs)        0000
__CFG_WRT$OFF            (abs)        0000
__Habs1                  abs1         0000
__Hbank0                 bank0        0000
__Hbank1                 bank1        0000
__Hbank2                 bank2        0000
__Hbank3                 bank3        0000
__HbssBANK0              bssBANK0     0000
__Hcinit                 cinit        0800
__Hclrtext               clrtext      0000
__Hcode                  code         0000
__Hcommon                common       0000
__Hconfig                config       2009
__HcstackBANK0           cstackBANK0  0000
__HcstackCOMMON          cstackCOMMON 0000
__HdataBANK0             dataBANK0    0000
__Heeprom_data           eeprom_data  0000
__Hend_init              end_init     0003
__Hfunctab               functab      0000
__HidataBANK0            idataBANK0   0000
__Hidloc                 idloc        0000
__Hinit                  init         0000
__Hintentry              intentry     0000
__Hmaintext              maintext     0000
__Hpowerup               powerup      0000
__Hram                   ram          0000
__Hreset_vec             reset_vec    0000
__Hsfr0                  sfr0         0000
__Hsfr1                  sfr1         0000
__Hsfr2                  sfr2         0000
__Hsfr3                  sfr3         0000
__Hspace_0               (abs)        2009
__Hspace_1               (abs)        007E
__Hspace_2               (abs)        0000
__Hspace_3               (abs)        0000
__Hstack                 stack        0000
__Hstrings               strings      0000
__Htext                  text         0000
__Labs1                  abs1         0000
__Lbank0                 bank0        0000
__Lbank1                 bank1        0000
__Lbank2                 bank2        0000
__Lbank3                 bank3        0000
__LbssBANK0              bssBANK0     0000
__Lcinit                 cinit        07D9
__Lclrtext               clrtext      0000
__Lcode                  code         0000
__Lcommon                common       0000
__Lconfig                config       2007
__LcstackBANK0           cstackBANK0  0000
__LcstackCOMMON          cstackCOMMON 0000
__LdataBANK0             dataBANK0    0000
__Leeprom_data           eeprom_data  0000
__Lend_init              end_init     0000
__Lfunctab               functab      0000
__LidataBANK0            idataBANK0   0000
__Lidloc                 idloc        0000
__Linit                  init         0000
__Lintentry              intentry     0000
__Lmaintext              maintext     0000
__Lpowerup               powerup      0000
__Lram                   ram          0000
__Lreset_vec             reset_vec    0000
__Lsfr0                  sfr0         0000
__Lsfr1                  sfr1         0000
__Lsfr2                  sfr2         0000
__Lsfr3                  sfr3         0000
__Lspace_0               (abs)        0000
__Lspace_1               (abs)        0000
__Lspace_2               (abs)        0000
__Lspace_3               (abs)        0000
__Lstack                 stack        0000
__Lstrings               strings      0000
__Ltext                  text         0000
__S0                     (abs)        2009
__S1                     (abs)        007E
__S2                     (abs)        0000
__S3                     (abs)        0000
___int_sp                stack        0000
___latbits               (abs)        0002
___sp                    stack        0000
___stackhi               (abs)        0000
___stacklo               (abs)        0000
__end_of_LCD_Init        text3        070F
__end_of_LCD_Out         text5        07D9
__end_of_LCD_Write       text4        0559
__end_of_LCD_putc        text2        0658
__end_of_LCD_putrs       text1        04FE
__end_of__initialization cinit        07FC
__end_of__stringtab      strings      0009
__end_of_main            maintext     05BC
__initialization         cinit        07D9
__pbssBANK0              bssBANK0     002A
__pcstackBANK0           cstackBANK0  0020
__pcstackCOMMON          cstackCOMMON 0070
__pdataBANK0             dataBANK0    002F
__pidataBANK0            idataBANK0   04D4
__pmaintext              maintext     0559
__pstrings               strings      0003
__ptext1                 text1        04D9
__ptext2                 text2        05BC
__ptext3                 text3        0658
__ptext4                 text4        04FE
__ptext5                 text5        070F
__size_of_LCD_Init       (abs)        0000
__size_of_LCD_Out        (abs)        0000
__size_of_LCD_Write      (abs)        0000
__size_of_LCD_putc       (abs)        0000
__size_of_LCD_putrs      (abs)        0000
__size_of_main           (abs)        0000
__stringbase             strings      0008
__stringtab              strings      0003
_lcd                     bssBANK0     002A
_main                    maintext     0559
btemp                    (abs)        007E
end_of_initialization    cinit        07FC
intlevel0                functab      0000
intlevel1                functab      0000
intlevel2                functab      0000
intlevel3                functab      0000
intlevel4                functab      0000
intlevel5                functab      0000
main@F1468               dataBANK0    002F
main@i                   cstackBANK0  0029
main@lcd                 cstackBANK0  0024
reset_vec                reset_vec    0000
start                    init         0000
start_initialization     cinit        07D9
wtemp0                   (abs)        007E


FUNCTION INFORMATION:

 *************** function _main *****************
 Defined at:
		line 36 in file "example.c"
 Parameters:    Size  Location     Type
		None
 Auto vars:     Size  Location     Type
  i               1    9[BANK0 ] unsigned char 
  lcd             5    4[BANK0 ] struct .
 Return value:  Size  Location     Type
                  2   81[None  ] int 
 Registers used:
		wreg, fsr0l, fsr0h, status,2, status,0, pclath, cstack
 Tracked objects:
		On entry : 
		On exit  : 
		Unchanged: 
 Data sizes:     COMMON   BANK0   BANK1   BANK3   BANK2
      Params:         0       0       0       0       0
      Locals:         0       6       0       0       0
      Temps:          0       2       0       0       0
      Totals:         0       8       0       0       0
Total ram usage:        8 bytes
 Hardware stack levels required when called:    3
 This function calls:
		_LCD_Init
		_LCD_Write
		_LCD_putrs
 This function is called by:
		Startup code after reset
 This function uses a non-reentrant model


 *************** function _LCD_putrs *****************
 Defined at:
		line 144 in file "lcd.c"
 Parameters:    Size  Location     Type
  a               1    wreg     PTR const unsigned char 
		 -> STR_1(6), 
 Auto vars:     Size  Location     Type
  a               1   10[COMMON] PTR const unsigned char 
		 -> STR_1(6), 
  i               2    8[COMMON] int 
 Return value:  Size  Location     Type
                  1    wreg      void 
 Registers used:
		wreg, fsr0l, fsr0h, status,2, status,0, pclath, cstack
 Tracked objects:
		On entry : 
		On exit  : 
		Unchanged: 
 Data sizes:     COMMON   BANK0   BANK1   BANK3   BANK2
      Params:         0       0       0       0       0
      Locals:         3       0       0       0       0
      Temps:          0       0       0       0       0
      Totals:         3       0       0       0       0
Total ram usage:        3 bytes
 Hardware stack levels used:    1
 Hardware stack levels required when called:    2
 This function calls:
		_LCD_putc
 This function is called by:
		_main
 This function uses a non-reentrant model


 *************** function _LCD_putc *****************
 Defined at:
		line 119 in file "lcd.c"
 Parameters:    Size  Location     Type
  c               1    wreg     unsigned char 
 Auto vars:     Size  Location     Type
  c               1    7[COMMON] unsigned char 
 Return value:  Size  Location     Type
                  1    wreg      void 
 Registers used:
		wreg, fsr0l, fsr0h, status,2, status,0, pclath, cstack
 Tracked objects:
		On entry : 
		On exit  : 
		Unchanged: 
 Data sizes:     COMMON   BANK0   BANK1   BANK3   BANK2
      Params:         0       0       0       0       0
      Locals:         1       0       0       0       0
      Temps:          3       0       0       0       0
      Totals:         4       0       0       0       0
Total ram usage:        4 bytes
 Hardware stack levels used:    1
 Hardware stack levels required when called:    1
 This function calls:
		_LCD_Out
 This function is called by:
		_LCD_putrs
		_LCD_puts
 This function uses a non-reentrant model


 *************** function _LCD_Init *****************
 Defined at:
		line 61 in file "lcd.c"
 Parameters:    Size  Location     Type
  display         5    8[COMMON] struct .
 Auto vars:     Size  Location     Type
  cmd             1   13[COMMON] unsigned char 
 Return value:  Size  Location     Type
                  1    wreg      _Bool 
 Registers used:
		wreg, fsr0l, fsr0h, status,2, status,0, pclath, cstack
 Tracked objects:
		On entry : 
		On exit  : 
		Unchanged: 
 Data sizes:     COMMON   BANK0   BANK1   BANK3   BANK2
      Params:         5       0       0       0       0
      Locals:         1       0       0       0       0
      Temps:          0       2       0       0       0
      Totals:         6       2       0       0       0
Total ram usage:        8 bytes
 Hardware stack levels used:    1
 Hardware stack levels required when called:    2
 This function calls:
		_LCD_Write
 This function is called by:
		_main
 This function uses a non-reentrant model


 *************** function _LCD_Write *****************
 Defined at:
		line 50 in file "lcd.c"
 Parameters:    Size  Location     Type
  c               1    wreg     unsigned char 
 Auto vars:     Size  Location     Type
  c               1    7[COMMON] unsigned char 
 Return value:  Size  Location     Type
                  1    wreg      void 
 Registers used:
		wreg, fsr0l, fsr0h, status,2, status,0, pclath, cstack
 Tracked objects:
		On entry : 
		On exit  : 
		Unchanged: 
 Data sizes:     COMMON   BANK0   BANK1   BANK3   BANK2
      Params:         0       0       0       0       0
      Locals:         1       0       0       0       0
      Temps:          3       0       0       0       0
      Totals:         4       0       0       0       0
Total ram usage:        4 bytes
 Hardware stack levels used:    1
 Hardware stack levels required when called:    1
 This function calls:
		_LCD_Out
 This function is called by:
		_LCD_Init
		_main
 This function uses a non-reentrant model


 *************** function _LCD_Out *****************
 Defined at:
		line 18 in file "lcd.c"
 Parameters:    Size  Location     Type
  c               1    wreg     unsigned char 
 Auto vars:     Size  Location     Type
  c               1    3[COMMON] unsigned char 
 Return value:  Size  Location     Type
                  1    wreg      void 
 Registers used:
		wreg, fsr0l, fsr0h, status,2, status,0
 Tracked objects:
		On entry : 
		On exit  : 
		Unchanged: 
 Data sizes:     COMMON   BANK0   BANK1   BANK3   BANK2
      Params:         0       0       0       0       0
      Locals:         1       0       0       0       0
      Temps:          3       0       0       0       0
      Totals:         4       0       0       0       0
Total ram usage:        4 bytes
 Hardware stack levels used:    1
 This function calls:
		Nothing
 This function is called by:
		_LCD_Write
		_LCD_putc
 This function uses a non-reentrant model



MODULE INFORMATION

Module		Function		Class		Link	Load	Size
example.c
		_main          		CODE           	0559	0000	100

example.c estimated size: 100

shared
		__stringtab    		STRING         	0003	0000	7
		__initialization		CODE           	07D9	0000	36

shared estimated size: 43

lcd.c
		_LCD_Init      		CODE           	0658	0000	184
		_LCD_Out       		CODE           	070F	0000	203
		_LCD_putc      		CODE           	05BC	0000	157
		_LCD_putrs     		CODE           	04D9	0000	38
		_LCD_Write     		CODE           	04FE	0000	92

lcd.c estimated size: 674

